Archive member included to satisfy reference by file (symbol)

/usr/bin/../lib/gcc/arm-none-eabi/7.3.1/../../../../arm-none-eabi/lib/thumb/v7e-m/fpv4-sp/hard/libc.a(lib_a-exit.o)
                              /usr/bin/../lib/gcc/arm-none-eabi/7.3.1/../../../../arm-none-eabi/lib/thumb/v7e-m/fpv4-sp/hard/crt0.o (exit)
/usr/bin/../lib/gcc/arm-none-eabi/7.3.1/../../../../arm-none-eabi/lib/thumb/v7e-m/fpv4-sp/hard/libc.a(lib_a-impure.o)
                              /usr/bin/../lib/gcc/arm-none-eabi/7.3.1/../../../../arm-none-eabi/lib/thumb/v7e-m/fpv4-sp/hard/libc.a(lib_a-exit.o) (_global_impure_ptr)
/usr/bin/../lib/gcc/arm-none-eabi/7.3.1/../../../../arm-none-eabi/lib/thumb/v7e-m/fpv4-sp/hard/libc.a(lib_a-init.o)
                              /usr/bin/../lib/gcc/arm-none-eabi/7.3.1/../../../../arm-none-eabi/lib/thumb/v7e-m/fpv4-sp/hard/crt0.o (__libc_init_array)
/usr/bin/../lib/gcc/arm-none-eabi/7.3.1/../../../../arm-none-eabi/lib/thumb/v7e-m/fpv4-sp/hard/libc.a(lib_a-locale.o)
                              _build/nrf_log_str_formatter.o (__locale_ctype_ptr)
/usr/bin/../lib/gcc/arm-none-eabi/7.3.1/../../../../arm-none-eabi/lib/thumb/v7e-m/fpv4-sp/hard/libc.a(lib_a-mbtowc_r.o)
                              /usr/bin/../lib/gcc/arm-none-eabi/7.3.1/../../../../arm-none-eabi/lib/thumb/v7e-m/fpv4-sp/hard/libc.a(lib_a-locale.o) (__ascii_mbtowc)
/usr/bin/../lib/gcc/arm-none-eabi/7.3.1/../../../../arm-none-eabi/lib/thumb/v7e-m/fpv4-sp/hard/libc.a(lib_a-memcpy.o)
                              _build/app_scheduler.o (memcpy)
/usr/bin/../lib/gcc/arm-none-eabi/7.3.1/../../../../arm-none-eabi/lib/thumb/v7e-m/fpv4-sp/hard/libc.a(lib_a-memset.o)
                              /usr/bin/../lib/gcc/arm-none-eabi/7.3.1/../../../../arm-none-eabi/lib/thumb/v7e-m/fpv4-sp/hard/crt0.o (memset)
/usr/bin/../lib/gcc/arm-none-eabi/7.3.1/../../../../arm-none-eabi/lib/thumb/v7e-m/fpv4-sp/hard/libc.a(lib_a-printf.o)
                              _build/simple_logger.o (printf)
/usr/bin/../lib/gcc/arm-none-eabi/7.3.1/../../../../arm-none-eabi/lib/thumb/v7e-m/fpv4-sp/hard/libc.a(lib_a-setbuf.o)
                              _build/before_startup.o (setbuf)
/usr/bin/../lib/gcc/arm-none-eabi/7.3.1/../../../../arm-none-eabi/lib/thumb/v7e-m/fpv4-sp/hard/libc.a(lib_a-setvbuf.o)
                              /usr/bin/../lib/gcc/arm-none-eabi/7.3.1/../../../../arm-none-eabi/lib/thumb/v7e-m/fpv4-sp/hard/libc.a(lib_a-setbuf.o) (setvbuf)
/usr/bin/../lib/gcc/arm-none-eabi/7.3.1/../../../../arm-none-eabi/lib/thumb/v7e-m/fpv4-sp/hard/libc.a(lib_a-strcmp.o)
                              /usr/bin/../lib/gcc/arm-none-eabi/7.3.1/../../../../arm-none-eabi/lib/thumb/v7e-m/fpv4-sp/hard/libc.a(lib_a-locale.o) (strcmp)
/usr/bin/../lib/gcc/arm-none-eabi/7.3.1/../../../../arm-none-eabi/lib/thumb/v7e-m/fpv4-sp/hard/libc.a(lib_a-strcpy.o)
                              _build/SEGGER_RTT.o (strcpy)
/usr/bin/../lib/gcc/arm-none-eabi/7.3.1/../../../../arm-none-eabi/lib/thumb/v7e-m/fpv4-sp/hard/libc.a(lib_a-strlen.o)
                              _build/nrf_fprintf_format.o (strlen)
/usr/bin/../lib/gcc/arm-none-eabi/7.3.1/../../../../arm-none-eabi/lib/thumb/v7e-m/fpv4-sp/hard/libc.a(lib_a-vfprintf.o)
                              /usr/bin/../lib/gcc/arm-none-eabi/7.3.1/../../../../arm-none-eabi/lib/thumb/v7e-m/fpv4-sp/hard/libc.a(lib_a-printf.o) (_vfprintf_r)
/usr/bin/../lib/gcc/arm-none-eabi/7.3.1/../../../../arm-none-eabi/lib/thumb/v7e-m/fpv4-sp/hard/libc.a(lib_a-vsnprintf.o)
                              _build/simple_logger.o (vsnprintf)
/usr/bin/../lib/gcc/arm-none-eabi/7.3.1/../../../../arm-none-eabi/lib/thumb/v7e-m/fpv4-sp/hard/libc.a(lib_a-wctomb_r.o)
                              /usr/bin/../lib/gcc/arm-none-eabi/7.3.1/../../../../arm-none-eabi/lib/thumb/v7e-m/fpv4-sp/hard/libc.a(lib_a-locale.o) (__ascii_wctomb)
/usr/bin/../lib/gcc/arm-none-eabi/7.3.1/../../../../arm-none-eabi/lib/thumb/v7e-m/fpv4-sp/hard/libc.a(lib_a-wsetup.o)
                              /usr/bin/../lib/gcc/arm-none-eabi/7.3.1/../../../../arm-none-eabi/lib/thumb/v7e-m/fpv4-sp/hard/libc.a(lib_a-vfprintf.o) (__swsetup_r)
/usr/bin/../lib/gcc/arm-none-eabi/7.3.1/../../../../arm-none-eabi/lib/thumb/v7e-m/fpv4-sp/hard/libc.a(lib_a-__call_atexit.o)
                              /usr/bin/../lib/gcc/arm-none-eabi/7.3.1/../../../../arm-none-eabi/lib/thumb/v7e-m/fpv4-sp/hard/libc.a(lib_a-exit.o) (__call_exitprocs)
/usr/bin/../lib/gcc/arm-none-eabi/7.3.1/../../../../arm-none-eabi/lib/thumb/v7e-m/fpv4-sp/hard/libc.a(lib_a-atexit.o)
                              /usr/bin/../lib/gcc/arm-none-eabi/7.3.1/../../../../arm-none-eabi/lib/thumb/v7e-m/fpv4-sp/hard/libc.a(lib_a-__call_atexit.o) (atexit)
/usr/bin/../lib/gcc/arm-none-eabi/7.3.1/../../../../arm-none-eabi/lib/thumb/v7e-m/fpv4-sp/hard/libc.a(lib_a-ctype_.o)
                              /usr/bin/../lib/gcc/arm-none-eabi/7.3.1/../../../../arm-none-eabi/lib/thumb/v7e-m/fpv4-sp/hard/libc.a(lib_a-locale.o) (_ctype_)
[...]
Memory Configuration

Name             Origin             Length             Attributes
FLASH            0x0000000000000000 0x0000000000080000 xr
RAM              0x0000000020000000 0x0000000000010000 xrw
*default*        0x0000000000000000 0xffffffffffffffff

Linker script and memory map


.text           0x0000000000000000     0x3cdc
 *(.isr_vector)
 .isr_vector    0x0000000000000000      0x200 _build/gcc_startup_nrf52.os
                0x0000000000000000                __isr_vector
 *(.text*)
 .text          0x0000000000000200       0x40 /usr/bin/../lib/gcc/arm-none-eabi/7.3.1/thumb/v7e-m/fpv4-sp/hard/crtbegin.o
 .text          0x0000000000000240       0x74 /usr/bin/../lib/gcc/arm-none-eabi/7.3.1/../../../../arm-none-eabi/lib/thumb/v7e-m/fpv4-sp/hard/crt0.o
                0x0000000000000240                _mainCRTStartup
                0x0000000000000240                _start
 .text.GPIOTE_IRQHandler
                0x00000000000002b4       0x18 _build/main.o
                0x00000000000002b4                GPIOTE_IRQHandler
 .text.TIMER4_IRQHandler
                0x00000000000002cc       0x3c _build/main.o
                0x00000000000002cc                TIMER4_IRQHandler
 .text.startup.main
                0x0000000000000308       0x78 _build/main.o
                0x0000000000000308                main
 .text.nrfx_coredep_delay_us.constprop.3
                0x0000000000000380       0x10 _build/app_timer.o
 .text.RTC1_IRQHandler
                0x0000000000000390       0x9c _build/app_timer.o
                0x0000000000000390                RTC1_IRQHandler
 .text.SWI0_EGU0_IRQHandler
                0x000000000000042c      0x2a4 _build/app_timer.o
                0x000000000000042c                SWI0_EGU0_IRQHandler
 .text.app_util_disable_irq
                0x00000000000006d0       0x10 _build/app_util_platform.o
                0x00000000000006d0                app_util_disable_irq
 .text.app_util_enable_irq
                0x00000000000006e0       0x14 _build/app_util_platform.o
                0x00000000000006e0                app_util_enable_irq
 .text.privilege_level_get
                0x00000000000006f4       0x1a _build/app_util_platform.o
                0x00000000000006f4                privilege_level_get
 *fill*         0x000000000000070e        0x2 
 .text.app_util_critical_region_enter
                0x0000000000000710       0x20 _build/app_util_platform.o
                0x0000000000000710                app_util_critical_region_enter
 .text.app_util_critical_region_exit
                0x0000000000000730       0x20 _build/app_util_platform.o
                0x0000000000000730                app_util_critical_region_exit
 .text.startup.called_first
                0x0000000000000750       0x10 _build/before_startup.o
                0x0000000000000750                called_first
 .text.HardFault_Handler
                0x0000000000000760       0x34 _build/hardfault_handler_gcc.o
                0x0000000000000760                HardFault_Handler
 .text.HardFault_process
                0x0000000000000794       0x24 _build/hardfault_implementation.o
                0x0000000000000794                HardFault_process
 .text.HardFault_c_handler
                0x00000000000007b8      0x10c _build/hardfault_implementation.o
                0x00000000000007b8                HardFault_c_handler
 .text.assert_nrf_callback
                0x00000000000008c4       0x1a _build/nrf_assert.o
                0x00000000000008c4                assert_nrf_callback
 .text.nrf_atomic_u32_fetch_store
                0x00000000000008de       0x14 _build/nrf_atomic.o
                0x00000000000008de                nrf_atomic_u32_fetch_store
 .text.nrf_atomic_u32_or
                0x00000000000008f2       0x16 _build/nrf_atomic.o
                0x00000000000008f2                nrf_atomic_u32_or
 .text.nrf_atomic_u32_fetch_and
                0x0000000000000908       0x16 _build/nrf_atomic.o
                0x0000000000000908                nrf_atomic_u32_fetch_and
 .text.nrf_atomic_u32_add
                0x000000000000091e       0x16 _build/nrf_atomic.o
                0x000000000000091e                nrf_atomic_u32_add
 .text.nrf_atomic_u32_sub
                0x0000000000000934       0x16 _build/nrf_atomic.o
                0x0000000000000934                nrf_atomic_u32_sub
 .text.nrf_atomic_flag_set
                0x000000000000094a        0x6 _build/nrf_atomic.o
                0x000000000000094a                nrf_atomic_flag_set
 .text.nrf_atomic_flag_clear_fetch
                0x0000000000000950        0x6 _build/nrf_atomic.o
                0x0000000000000950                nrf_atomic_flag_clear_fetch
 *fill*         0x0000000000000956        0x2 
 .text.nrf_balloc_alloc
                0x0000000000000958       0x50 _build/nrf_balloc.o
                0x0000000000000958                nrf_balloc_alloc
 .text.nrf_balloc_free
                0x00000000000009a8       0x48 _build/nrf_balloc.o
                0x00000000000009a8                nrf_balloc_free
 .text.invalid_packets_pushed_str_omit
                0x00000000000009f0       0x60 _build/nrf_log_frontend.o
 .text.buf_prealloc
                0x0000000000000a50      0x130 _build/nrf_log_frontend.o
 .text.buffer_is_empty
                0x0000000000000b80       0x14 _build/nrf_log_frontend.o
                0x0000000000000b80                buffer_is_empty
 .text.nrf_log_frontend_dequeue
                0x0000000000000b94      0x210 _build/nrf_log_frontend.o
                0x0000000000000b94                nrf_log_frontend_dequeue
 .text.std_n    0x0000000000000da4       0xd8 _build/nrf_log_frontend.o
 .text.nrf_log_frontend_std_0
                0x0000000000000e7c        0x8 _build/nrf_log_frontend.o
                0x0000000000000e7c                nrf_log_frontend_std_0
 .text.nrf_log_frontend_std_1
                0x0000000000000e84       0x14 _build/nrf_log_frontend.o
                0x0000000000000e84                nrf_log_frontend_std_1
 .text.nrf_log_frontend_std_2
                0x0000000000000e98       0x14 _build/nrf_log_frontend.o
                0x0000000000000e98                nrf_log_frontend_std_2
 .text.nrf_log_frontend_std_3
                0x0000000000000eac       0x18 _build/nrf_log_frontend.o
                0x0000000000000eac                nrf_log_frontend_std_3
 .text.nrf_log_frontend_std_4
                0x0000000000000ec4       0x1c _build/nrf_log_frontend.o
                0x0000000000000ec4                nrf_log_frontend_std_4
 .text.nrf_log_frontend_std_5
                0x0000000000000ee0       0x20 _build/nrf_log_frontend.o
                0x0000000000000ee0                nrf_log_frontend_std_5
 .text.nrf_log_panic
                0x0000000000000f00       0x28 _build/nrf_log_frontend.o
                0x0000000000000f00                nrf_log_panic
 .text.memobj_op
                0x0000000000000f28       0x84 _build/nrf_memobj.o
 .text.nrf_memobj_free
                0x0000000000000fac       0x2c _build/nrf_memobj.o
                0x0000000000000fac                nrf_memobj_free
 .text.nrf_memobj_alloc
                0x0000000000000fd8       0x5e _build/nrf_memobj.o
                0x0000000000000fd8                nrf_memobj_alloc
 .text.nrf_memobj_get
                0x0000000000001036        0x8 _build/nrf_memobj.o
                0x0000000000001036                nrf_memobj_get
 .text.nrf_memobj_put
                0x000000000000103e       0x1e _build/nrf_memobj.o
                0x000000000000103e                nrf_memobj_put
 .text.nrf_memobj_write
                0x000000000000105c        0xe _build/nrf_memobj.o
                0x000000000000105c                nrf_memobj_write
 *fill*         0x000000000000106a        0x2 
 .text.nrf_strerror_find
                0x000000000000106c       0x3c _build/nrf_strerror.o
                0x000000000000106c                nrf_strerror_find
 .text.nrf_strerror_get
                0x00000000000010a8       0x14 _build/nrf_strerror.o
                0x00000000000010a8                nrf_strerror_get
 .text.UARTE0_UART0_IRQHandler
                0x00000000000010bc       0x20 _build/nrfx_prs.o
                0x00000000000010bc                UARTE0_UART0_IRQHandler
 .text.nrf_saadc_event_clear
                0x00000000000010dc       0x18 _build/nrfx_saadc.o
 .text.SAADC_IRQHandler
                0x00000000000010f4      0x164 _build/nrfx_saadc.o
                0x00000000000010f4                SAADC_IRQHandler
 .text.nrf_gpio_pin_port_decode.isra.0.part.1
                0x0000000000001258       0x10 _build/nrfx_spim.o
 .text.nrf_gpio_pin_clear
                0x0000000000001268       0x1c _build/nrfx_spim.o
 .text.nrf_gpio_pin_set
                0x0000000000001284       0x1c _build/nrfx_spim.o
 .text.SPIM1_SPIS1_TWIM1_TWIS1_SPI1_TWI1_IRQHandler
                0x00000000000012a0       0x64 _build/nrfx_spim.o
                0x00000000000012a0                SPIM1_SPIS1_TWIM1_TWIS1_SPI1_TWI1_IRQHandler
 .text.nrf_twim_event_clear
                0x0000000000001304       0x10 _build/nrfx_twim.o
 .text.SPIM0_SPIS0_TWIM0_TWIS0_SPI0_TWI0_IRQHandler
                0x0000000000001314      0x158 _build/nrfx_twim.o
                0x0000000000001314                SPIM0_SPIS0_TWIM0_TWIS0_SPI0_TWI0_IRQHandler
 .text._GetAvailWriteSpace
                0x000000000000146c       0x1c _build/SEGGER_RTT.o
 .text._WriteNoCheck
                0x0000000000001488       0x3a _build/SEGGER_RTT.o
 .text._WriteBlocking
                0x00000000000014c2       0x52 _build/SEGGER_RTT.o
 .text._DoInit  0x0000000000001514       0x60 _build/SEGGER_RTT.o
 .text.SEGGER_RTT_WriteNoLock
                0x0000000000001574       0x68 _build/SEGGER_RTT.o
                0x0000000000001574                SEGGER_RTT_WriteNoLock
 .text.SEGGER_RTT_Write
                0x00000000000015dc       0x34 _build/SEGGER_RTT.o
                0x00000000000015dc                SEGGER_RTT_Write
 .text._write_r
                0x0000000000001610       0x12 _build/SEGGER_RTT_Syscalls_GCC.o
                0x0000000000001610                _write_r
 *fill*         0x0000000000001622        0x2 
 .text.errata_12
                0x0000000000001624       0x40 _build/system_nrf52.o
 .text.errata_16
                0x0000000000001664       0x34 _build/system_nrf52.o
 .text.SystemInit
                0x0000000000001698      0x25c _build/system_nrf52.o
                0x0000000000001698                SystemInit
 .text.app_error_save_and_stop
                0x00000000000018f4       0x58 _build/app_error.o
                0x00000000000018f4                app_error_save_and_stop
 .text.app_error_fault_handler
                0x000000000000194c       0xb4 _build/app_error_weak.o
                0x000000000000194c                app_error_fault_handler
 .text          0x0000000000001a00       0x3c _build/gcc_startup_nrf52.os
                0x0000000000001a00                Reset_Handler
                0x0000000000001a28                NMI_Handler
                0x0000000000001a2c                MemoryManagement_Handler
                0x0000000000001a2e                BusFault_Handler
                0x0000000000001a30                UsageFault_Handler
                0x0000000000001a32                SVC_Handler
                0x0000000000001a34                DebugMon_Handler
                0x0000000000001a36                PendSV_Handler
                0x0000000000001a38                SysTick_Handler
                0x0000000000001a3a                TIMER2_IRQHandler
                0x0000000000001a3a                RTC0_IRQHandler
                0x0000000000001a3a                SWI2_EGU2_IRQHandler
                0x0000000000001a3a                PWM1_IRQHandler
                0x0000000000001a3a                POWER_CLOCK_IRQHandler
                0x0000000000001a3a                RADIO_IRQHandler
                0x0000000000001a3a                PDM_IRQHandler
                0x0000000000001a3a                TEMP_IRQHandler
                0x0000000000001a3a                QDEC_IRQHandler
                0x0000000000001a3a                TIMER3_IRQHandler
                0x0000000000001a3a                FPU_IRQHandler
                0x0000000000001a3a                I2S_IRQHandler
                0x0000000000001a3a                SWI4_EGU4_IRQHandler
                0x0000000000001a3a                TIMER0_IRQHandler
                0x0000000000001a3a                TIMER1_IRQHandler
                0x0000000000001a3a                PWM2_IRQHandler
                0x0000000000001a3a                ECB_IRQHandler
                0x0000000000001a3a                Default_Handler
                0x0000000000001a3a                CCM_AAR_IRQHandler
                0x0000000000001a3a                WDT_IRQHandler
                0x0000000000001a3a                SWI5_EGU5_IRQHandler
                0x0000000000001a3a                RNG_IRQHandler
                0x0000000000001a3a                RTC2_IRQHandler
                0x0000000000001a3a                PWM0_IRQHandler
                0x0000000000001a3a                SWI3_EGU3_IRQHandler
                0x0000000000001a3a                SWI1_EGU1_IRQHandler
                0x0000000000001a3a                SPIM2_SPIS2_SPI2_IRQHandler
                0x0000000000001a3a                NFCT_IRQHandler
                0x0000000000001a3a                MWU_IRQHandler
                0x0000000000001a3a                COMP_LPCOMP_IRQHandler
 .text.exit     0x0000000000001a3c       0x20 /usr/bin/../lib/gcc/arm-none-eabi/7.3.1/../../../../arm-none-eabi/lib/thumb/v7e-m/fpv4-sp/hard/libc.a(lib_a-exit.o)
                0x0000000000001a3c                exit
 .text.__libc_init_array
                0x0000000000001a5c       0x48 /usr/bin/../lib/gcc/arm-none-eabi/7.3.1/../../../../arm-none-eabi/lib/thumb/v7e-m/fpv4-sp/hard/libc.a(lib_a-init.o)
                0x0000000000001a5c                __libc_init_array
 .text          0x0000000000001aa4      0x134 /usr/bin/../lib/gcc/arm-none-eabi/7.3.1/../../../../arm-none-eabi/lib/thumb/v7e-m/fpv4-sp/hard/libc.a(lib_a-memcpy.o)
                0x0000000000001aa4                memcpy
 .text.memset   0x0000000000001bd8       0x94 /usr/bin/../lib/gcc/arm-none-eabi/7.3.1/../../../../arm-none-eabi/lib/thumb/v7e-m/fpv4-sp/hard/libc.a(lib_a-memset.o)
                0x0000000000001bd8                memset
 .text.setbuf   0x0000000000001c6c       0x10 /usr/bin/../lib/gcc/arm-none-eabi/7.3.1/../../../../arm-none-eabi/lib/thumb/v7e-m/fpv4-sp/hard/libc.a(lib_a-setbuf.o)
                0x0000000000001c6c                setbuf
 .text.setvbuf  0x0000000000001c7c      0x180 /usr/bin/../lib/gcc/arm-none-eabi/7.3.1/../../../../arm-none-eabi/lib/thumb/v7e-m/fpv4-sp/hard/libc.a(lib_a-setvbuf.o)
                0x0000000000001c7c                setvbuf
 .text.strcpy   0x0000000000001dfc       0xbc /usr/bin/../lib/gcc/arm-none-eabi/7.3.1/../../../../arm-none-eabi/lib/thumb/v7e-m/fpv4-sp/hard/libc.a(lib_a-strcpy.o)
                0x0000000000001dfc                strcpy
 .text.startup.register_fini
                0x0000000000001eb8       0x14 /usr/bin/../lib/gcc/arm-none-eabi/7.3.1/../../../../arm-none-eabi/lib/thumb/v7e-m/fpv4-sp/hard/libc.a(lib_a-__call_atexit.o)
 .text.__call_exitprocs
                0x0000000000001ecc       0xe8 /usr/bin/../lib/gcc/arm-none-eabi/7.3.1/../../../../arm-none-eabi/lib/thumb/v7e-m/fpv4-sp/hard/libc.a(lib_a-__call_atexit.o)
                0x0000000000001ecc                __call_exitprocs
 .text.atexit   0x0000000000001fb4        0xc /usr/bin/../lib/gcc/arm-none-eabi/7.3.1/../../../../arm-none-eabi/lib/thumb/v7e-m/fpv4-sp/hard/libc.a(lib_a-atexit.o)
                0x0000000000001fb4                atexit
 .text.__sflush_r
                0x0000000000001fc0      0x154 /usr/bin/../lib/gcc/arm-none-eabi/7.3.1/../../../../arm-none-eabi/lib/thumb/v7e-m/fpv4-sp/hard/libc.a(lib_a-fflush.o)
                0x0000000000001fc0                __sflush_r
 .text._fflush_r
                0x0000000000002114       0x5c /usr/bin/../lib/gcc/arm-none-eabi/7.3.1/../../../../arm-none-eabi/lib/thumb/v7e-m/fpv4-sp/hard/libc.a(lib_a-fflush.o)
                0x0000000000002114                _fflush_r
 .text.std      0x0000000000002170       0x50 /usr/bin/../lib/gcc/arm-none-eabi/7.3.1/../../../../arm-none-eabi/lib/thumb/v7e-m/fpv4-sp/hard/libc.a(lib_a-findfp.o)
 .text._cleanup_r
                0x00000000000021c0        0xc /usr/bin/../lib/gcc/arm-none-eabi/7.3.1/../../../../arm-none-eabi/lib/thumb/v7e-m/fpv4-sp/hard/libc.a(lib_a-findfp.o)
                0x00000000000021c0                _cleanup_r
 .text.__sinit  0x00000000000021cc       0x58 /usr/bin/../lib/gcc/arm-none-eabi/7.3.1/../../../../arm-none-eabi/lib/thumb/v7e-m/fpv4-sp/hard/libc.a(lib_a-findfp.o)
                0x00000000000021cc                __sinit
 .text.__sfp_lock_acquire
                0x0000000000002224        0xc /usr/bin/../lib/gcc/arm-none-eabi/7.3.1/../../../../arm-none-eabi/lib/thumb/v7e-m/fpv4-sp/hard/libc.a(lib_a-findfp.o)
                0x0000000000002224                __sfp_lock_acquire
 .text.__sfp_lock_release
                0x0000000000002230        0xc /usr/bin/../lib/gcc/arm-none-eabi/7.3.1/../../../../arm-none-eabi/lib/thumb/v7e-m/fpv4-sp/hard/libc.a(lib_a-findfp.o)
                0x0000000000002230                __sfp_lock_release
 .text.__libc_fini_array
                0x000000000000223c       0x34 /usr/bin/../lib/gcc/arm-none-eabi/7.3.1/../../../../arm-none-eabi/lib/thumb/v7e-m/fpv4-sp/hard/libc.a(lib_a-fini.o)
                0x000000000000223c                __libc_fini_array
 .text._malloc_trim_r
                0x0000000000002270       0xa0 /usr/bin/../lib/gcc/arm-none-eabi/7.3.1/../../../../arm-none-eabi/lib/thumb/v7e-m/fpv4-sp/hard/libc.a(lib_a-freer.o)
                0x0000000000002270                _malloc_trim_r
 .text._free_r  0x0000000000002310      0x1e8 /usr/bin/../lib/gcc/arm-none-eabi/7.3.1/../../../../arm-none-eabi/lib/thumb/v7e-m/fpv4-sp/hard/libc.a(lib_a-freer.o)
                0x0000000000002310                _free_r
 .text._fwalk_reent
                0x00000000000024f8       0x54 /usr/bin/../lib/gcc/arm-none-eabi/7.3.1/../../../../arm-none-eabi/lib/thumb/v7e-m/fpv4-sp/hard/libc.a(lib_a-fwalk.o)
                0x00000000000024f8                _fwalk_reent
 .text.__retarget_lock_init_recursive
                0x000000000000254c        0x4 /usr/bin/../lib/gcc/arm-none-eabi/7.3.1/../../../../arm-none-eabi/lib/thumb/v7e-m/fpv4-sp/hard/libc.a(lib_a-lock.o)
                0x000000000000254c                __retarget_lock_init_recursive
 .text.__retarget_lock_close_recursive
                0x0000000000002550        0x4 /usr/bin/../lib/gcc/arm-none-eabi/7.3.1/../../../../arm-none-eabi/lib/thumb/v7e-m/fpv4-sp/hard/libc.a(lib_a-lock.o)
                0x0000000000002550                __retarget_lock_close_recursive
 .text.__retarget_lock_acquire_recursive
                0x0000000000002554        0x4 /usr/bin/../lib/gcc/arm-none-eabi/7.3.1/../../../../arm-none-eabi/lib/thumb/v7e-m/fpv4-sp/hard/libc.a(lib_a-lock.o)
                0x0000000000002554                __retarget_lock_acquire_recursive
 .text.__retarget_lock_release_recursive
                0x0000000000002558        0x4 /usr/bin/../lib/gcc/arm-none-eabi/7.3.1/../../../../arm-none-eabi/lib/thumb/v7e-m/fpv4-sp/hard/libc.a(lib_a-lock.o)
                0x0000000000002558                __retarget_lock_release_recursive
 .text.__swhatbuf_r
                0x000000000000255c       0x5c /usr/bin/../lib/gcc/arm-none-eabi/7.3.1/../../../../arm-none-eabi/lib/thumb/v7e-m/fpv4-sp/hard/libc.a(lib_a-makebuf.o)
                0x000000000000255c                __swhatbuf_r
 .text.malloc   0x00000000000025b8       0x10 /usr/bin/../lib/gcc/arm-none-eabi/7.3.1/../../../../arm-none-eabi/lib/thumb/v7e-m/fpv4-sp/hard/libc.a(lib_a-malloc.o)
                0x00000000000025b8                malloc
 .text.free     0x00000000000025c8       0x10 /usr/bin/../lib/gcc/arm-none-eabi/7.3.1/../../../../arm-none-eabi/lib/thumb/v7e-m/fpv4-sp/hard/libc.a(lib_a-malloc.o)
                0x00000000000025c8                free
 .text._malloc_r
                0x00000000000025d8      0x548 /usr/bin/../lib/gcc/arm-none-eabi/7.3.1/../../../../arm-none-eabi/lib/thumb/v7e-m/fpv4-sp/hard/libc.a(lib_a-mallocr.o)
                0x00000000000025d8                _malloc_r
 .text.__malloc_lock
                0x0000000000002b20        0xc /usr/bin/../lib/gcc/arm-none-eabi/7.3.1/../../../../arm-none-eabi/lib/thumb/v7e-m/fpv4-sp/hard/libc.a(lib_a-mlock.o)
                0x0000000000002b20                __malloc_lock
 .text.__malloc_unlock
                0x0000000000002b2c        0xc /usr/bin/../lib/gcc/arm-none-eabi/7.3.1/../../../../arm-none-eabi/lib/thumb/v7e-m/fpv4-sp/hard/libc.a(lib_a-mlock.o)
                0x0000000000002b2c                __malloc_unlock
 .text._sbrk_r  0x0000000000002b38       0x24 /usr/bin/../lib/gcc/arm-none-eabi/7.3.1/../../../../arm-none-eabi/lib/thumb/v7e-m/fpv4-sp/hard/libc.a(lib_a-sbrkr.o)
                0x0000000000002b38                _sbrk_r
 .text.__sread  0x0000000000002b5c       0x24 /usr/bin/../lib/gcc/arm-none-eabi/7.3.1/../../../../arm-none-eabi/lib/thumb/v7e-m/fpv4-sp/hard/libc.a(lib_a-stdio.o)
                0x0000000000002b5c                __sread
 .text.__swrite
                0x0000000000002b80       0x3c /usr/bin/../lib/gcc/arm-none-eabi/7.3.1/../../../../arm-none-eabi/lib/thumb/v7e-m/fpv4-sp/hard/libc.a(lib_a-stdio.o)
                0x0000000000002b80                __swrite
 .text.__sseek  0x0000000000002bbc       0x20 /usr/bin/../lib/gcc/arm-none-eabi/7.3.1/../../../../arm-none-eabi/lib/thumb/v7e-m/fpv4-sp/hard/libc.a(lib_a-stdio.o)
                0x0000000000002bbc                __sseek
 .text.__sclose
                0x0000000000002bdc        0x8 /usr/bin/../lib/gcc/arm-none-eabi/7.3.1/../../../../arm-none-eabi/lib/thumb/v7e-m/fpv4-sp/hard/libc.a(lib_a-stdio.o)
                0x0000000000002bdc                __sclose
 .text.__register_exitproc
                0x0000000000002be4       0xc0 /usr/bin/../lib/gcc/arm-none-eabi/7.3.1/../../../../arm-none-eabi/lib/thumb/v7e-m/fpv4-sp/hard/libc.a(lib_a-__atexit.o)
                0x0000000000002be4                __register_exitproc
 .text._close_r
                0x0000000000002ca4       0x24 /usr/bin/../lib/gcc/arm-none-eabi/7.3.1/../../../../arm-none-eabi/lib/thumb/v7e-m/fpv4-sp/hard/libc.a(lib_a-closer.o)
                0x0000000000002ca4                _close_r
 .text._fclose_r
                0x0000000000002cc8       0xd0 /usr/bin/../lib/gcc/arm-none-eabi/7.3.1/../../../../arm-none-eabi/lib/thumb/v7e-m/fpv4-sp/hard/libc.a(lib_a-fclose.o)
                0x0000000000002cc8                _fclose_r
 .text._fstat_r
                0x0000000000002d98       0x28 /usr/bin/../lib/gcc/arm-none-eabi/7.3.1/../../../../arm-none-eabi/lib/thumb/v7e-m/fpv4-sp/hard/libc.a(lib_a-fstatr.o)
                0x0000000000002d98                _fstat_r
 .text._lseek_r
                0x0000000000002dc0       0x2c /usr/bin/../lib/gcc/arm-none-eabi/7.3.1/../../../../arm-none-eabi/lib/thumb/v7e-m/fpv4-sp/hard/libc.a(lib_a-lseekr.o)
                0x0000000000002dc0                _lseek_r
 .text._read_r  0x0000000000002dec       0x2c /usr/bin/../lib/gcc/arm-none-eabi/7.3.1/../../../../arm-none-eabi/lib/thumb/v7e-m/fpv4-sp/hard/libc.a(lib_a-readr.o)
                0x0000000000002dec                _read_r
 .text._close   0x0000000000002e18       0x10 /usr/bin/../lib/gcc/arm-none-eabi/7.3.1/../../../../arm-none-eabi/lib/thumb/v7e-m/fpv4-sp/hard/libnosys.a(close.o)
                0x0000000000002e18                _close
 .text._fstat   0x0000000000002e28       0x10 /usr/bin/../lib/gcc/arm-none-eabi/7.3.1/../../../../arm-none-eabi/lib/thumb/v7e-m/fpv4-sp/hard/libnosys.a(fstat.o)
                0x0000000000002e28                _fstat
 .text._lseek   0x0000000000002e38       0x10 /usr/bin/../lib/gcc/arm-none-eabi/7.3.1/../../../../arm-none-eabi/lib/thumb/v7e-m/fpv4-sp/hard/libnosys.a(lseek.o)
                0x0000000000002e38                _lseek
 .text._read    0x0000000000002e48       0x10 /usr/bin/../lib/gcc/arm-none-eabi/7.3.1/../../../../arm-none-eabi/lib/thumb/v7e-m/fpv4-sp/hard/libnosys.a(read.o)
                0x0000000000002e48                _read
 .text._sbrk    0x0000000000002e58       0x1c /usr/bin/../lib/gcc/arm-none-eabi/7.3.1/../../../../arm-none-eabi/lib/thumb/v7e-m/fpv4-sp/hard/libnosys.a(sbrk.o)
                0x0000000000002e58                _sbrk
 .text._exit    0x0000000000002e74        0x4 /usr/bin/../lib/gcc/arm-none-eabi/7.3.1/../../../../arm-none-eabi/lib/thumb/v7e-m/fpv4-sp/hard/libnosys.a(_exit.o)
                0x0000000000002e74                _exit
 *(.init)
 .init          0x0000000000002e78        0x4 /usr/bin/../lib/gcc/arm-none-eabi/7.3.1/thumb/v7e-m/fpv4-sp/hard/crti.o
                0x0000000000002e78                _init
 .init          0x0000000000002e7c        0x8 /usr/bin/../lib/gcc/arm-none-eabi/7.3.1/thumb/v7e-m/fpv4-sp/hard/crtn.o
 *(.fini)
 .fini          0x0000000000002e84        0x4 /usr/bin/../lib/gcc/arm-none-eabi/7.3.1/thumb/v7e-m/fpv4-sp/hard/crti.o
                0x0000000000002e84                _fini
 .fini          0x0000000000002e88        0x8 /usr/bin/../lib/gcc/arm-none-eabi/7.3.1/thumb/v7e-m/fpv4-sp/hard/crtn.o
 *crtbegin.o(.ctors)
 *crtbegin?.o(.ctors)
 *(EXCLUDE_FILE(*crtend.o *crtend?.o) .ctors)
 *(SORT_BY_NAME(.ctors.*))
 *(.ctors)
 *crtbegin.o(.dtors)
 *crtbegin?.o(.dtors)
 *(EXCLUDE_FILE(*crtend.o *crtend?.o) .dtors)
 *(SORT_BY_NAME(.dtors.*))
 *(.dtors)
 *(.rodata*)
 .rodata.delay_bytecode.9319
                0x0000000000002e90        0x6 _build/app_timer.o
 .rodata.app_util_critical_region_enter.str1.1
                0x0000000000002e96       0x54 _build/app_util_platform.o
 .rodata.HardFault_c_handler.str1.1
                0x0000000000002eea       0xfb _build/hardfault_implementation.o
 *fill*         0x0000000000002fe5        0x3 
 .rodata.cfsr_msgs.9513
                0x0000000000002fe8       0x68 _build/hardfault_implementation.o
 .rodata.str1.1
                0x0000000000003050      0x4c0 _build/hardfault_implementation.o
 .rodata.nrf_balloc_init.str1.1
                0x0000000000003510       0x4f _build/nrf_balloc.o
 .rodata.invalid_packets_pushed_str_omit.str1.1
                0x000000000000355f       0x63 _build/nrf_log_frontend.o
 .rodata.nrf_log_frontend_dequeue.str1.1
                0x00000000000035c2       0x11 _build/nrf_log_frontend.o
 .rodata.str1.1
                0x00000000000035d3       0x17 _build/nrf_log_frontend.o
 .rodata.str1.1
                0x00000000000035ea        0x9 _build/nrf_pwr_mgmt.o
 .rodata.memobj_op.str1.1
                0x00000000000035f3       0x5c _build/nrf_memobj.o
 .rodata.m_unknown_str
                0x000000000000364f       0x13 _build/nrf_strerror.o
 *fill*         0x0000000000003662        0x2 
 .rodata.nrf_strerror_array
                0x0000000000003664      0x118 _build/nrf_strerror.o
 .rodata.str1.1
                0x000000000000377c      0x391 _build/nrf_strerror.o
 .rodata.UARTE0_UART0_IRQHandler.str1.1
                0x0000000000003b0d       0x4e _build/nrfx_prs.o
 .rodata.str1.1
                0x0000000000003b5b        0x4 _build/nrfx_prs.o
 .rodata.str1.1
                0x0000000000003b5f        0x6 _build/nrfx_saadc.o
 .rodata.SPIM1_SPIS1_TWIM1_TWIS1_SPI1_TWI1_IRQHandler.str1.1
                0x0000000000003b65       0x4b _build/nrfx_spim.o
 .rodata.nrf_gpio_pin_port_decode.isra.0.part.1.str1.1
                0x0000000000003bb0       0x42 _build/nrfx_spim.o
 .rodata.str1.1
                0x0000000000003bf2        0x5 _build/nrfx_spim.o
 .rodata.SPIM0_SPIS0_TWIM0_TWIS0_SPI0_TWI0_IRQHandler.str1.1
                0x0000000000003bf7       0x4b _build/nrfx_twim.o
 .rodata.str1.1
                0x0000000000003c42        0x5 _build/nrfx_twim.o
 .rodata.str1.1
                0x0000000000003c47        0x5 _build/nrfx_uart.o
 .rodata.str1.1
                0x0000000000003c4c        0x6 _build/nrfx_uarte.o
 .rodata._DoInit.str1.1
                0x0000000000003c52       0x14 _build/SEGGER_RTT.o
 .rodata.app_error_fault_handler.str1.1
                0x0000000000003c66       0x6c _build/app_error_weak.o
 *fill*         0x0000000000003cd2        0x2 
 .rodata._global_impure_ptr
                0x0000000000003cd4        0x4 /usr/bin/../lib/gcc/arm-none-eabi/7.3.1/../../../../arm-none-eabi/lib/thumb/v7e-m/fpv4-sp/hard/libc.a(lib_a-impure.o)
                0x0000000000003cd4                _global_impure_ptr
 *(.eh_frame*)
 .eh_frame      0x0000000000003cd8        0x0 /usr/bin/../lib/gcc/arm-none-eabi/7.3.1/thumb/v7e-m/fpv4-sp/hard/crtbegin.o
 .eh_frame      0x0000000000003cd8        0x4 /usr/bin/../lib/gcc/arm-none-eabi/7.3.1/thumb/v7e-m/fpv4-sp/hard/crtend.o

.glue_7         0x0000000000003cdc        0x0
 .glue_7        0x0000000000003cdc        0x0 linker stubs

.glue_7t        0x0000000000003cdc        0x0
 .glue_7t       0x0000000000003cdc        0x0 linker stubs

.vfp11_veneer   0x0000000000003cdc        0x0
 .vfp11_veneer  0x0000000000003cdc        0x0 linker stubs

.v4_bx          0x0000000000003cdc        0x0
 .v4_bx         0x0000000000003cdc        0x0 linker stubs

.iplt           0x0000000000003cdc        0x0
 .iplt          0x0000000000003cdc        0x0 /usr/bin/../lib/gcc/arm-none-eabi/7.3.1/thumb/v7e-m/fpv4-sp/hard/crtbegin.o

.mem_section_dummy_rom

.log_const_data
                0x0000000000003cdc       0x50
                0x0000000000003cdc                PROVIDE (__start_log_const_data = .)
 *(SORT_BY_NAME(.log_const_data*))
 .log_const_data_PRS
                0x0000000000003cdc        0x8 _build/nrfx_prs.o
                0x0000000000003cdc                m_nrf_log_PRS_logs_data_const
 .log_const_data_SAADC
                0x0000000000003ce4        0x8 _build/nrfx_saadc.o
                0x0000000000003ce4                m_nrf_log_SAADC_logs_data_const
 .log_const_data_SPIM
                0x0000000000003cec        0x8 _build/nrfx_spim.o
                0x0000000000003cec                m_nrf_log_SPIM_logs_data_const
 .log_const_data_TWIM
                0x0000000000003cf4        0x8 _build/nrfx_twim.o
                0x0000000000003cf4                m_nrf_log_TWIM_logs_data_const
 .log_const_data_UART
                0x0000000000003cfc        0x8 _build/nrfx_uart.o
                0x0000000000003cfc                m_nrf_log_UART_logs_data_const
 .log_const_data_UARTE
                0x0000000000003d04        0x8 _build/nrfx_uarte.o
                0x0000000000003d04                m_nrf_log_UARTE_logs_data_const
 .log_const_data_app
                0x0000000000003d0c        0x8 _build/nrf_log_frontend.o
                0x0000000000003d0c                m_nrf_log_app_logs_data_const
 .log_const_data_balloc_log_mempool
                0x0000000000003d14        0x8 _build/nrf_log_frontend.o
                0x0000000000003d14                m_nrf_log_balloc_log_mempool_logs_data_const
 .log_const_data_hardfault
                0x0000000000003d1c        0x8 _build/hardfault_implementation.o
                0x0000000000003d1c                m_nrf_log_hardfault_logs_data_const
 .log_const_data_pwr_mgmt
                0x0000000000003d24        0x8 _build/nrf_pwr_mgmt.o
                0x0000000000003d24                m_nrf_log_pwr_mgmt_logs_data_const
                0x0000000000003d2c                PROVIDE (__stop_log_const_data = .)

.nrf_balloc     0x0000000000003d2c       0x18
                [!provide]                        PROVIDE (__start_nrf_balloc = .)
 *(.nrf_balloc)
 .nrf_balloc    0x0000000000003d2c       0x18 _build/nrf_log_frontend.o
                0x0000000000003d2c                log_mempool
                [!provide]                        PROVIDE (__stop_nrf_balloc = .)

.nrf_queue      0x0000000000003d44        0x0
                [!provide]                        PROVIDE (__start_nrf_queue = .)
 *(.nrf_queue)
                [!provide]                        PROVIDE (__stop_nrf_queue = .)

.pwr_mgmt_data  0x0000000000003d44        0x0
                0x0000000000003d44                PROVIDE (__start_pwr_mgmt_data = .)
 *(SORT_BY_NAME(.pwr_mgmt_data*))
                0x0000000000003d44                PROVIDE (__stop_pwr_mgmt_data = .)

.crypto_data    0x0000000000003d44        0x0
                [!provide]                        PROVIDE (__start_crypto_data = .)
 *(SORT_BY_NAME(.crypto_data*))
                [!provide]                        PROVIDE (__stop_crypto_data = .)

.cli_command    0x0000000000003d44        0x0
                [!provide]                        PROVIDE (__start_cli_command = .)
 *(.cli_command)
                [!provide]                        PROVIDE (__stop_cli_command = .)

.ARM.extab
 *(.ARM.extab* .gnu.linkonce.armextab.*)
                0x0000000000003d44                __exidx_start = .

.ARM.exidx      0x0000000000003d44        0x8
 *(.ARM.exidx* .gnu.linkonce.armexidx.*)
 .ARM.exidx     0x0000000000003d44        0x8 /usr/bin/../lib/gcc/arm-none-eabi/7.3.1/../../../../arm-none-eabi/lib/thumb/v7e-m/fpv4-sp/hard/crt0.o
                0x0000000000003d4c                __exidx_end = .
                0x0000000000003d4c                __etext = .

.rel.dyn        0x0000000000003d4c        0x0
 .rel.iplt      0x0000000000003d4c        0x0 /usr/bin/../lib/gcc/arm-none-eabi/7.3.1/thumb/v7e-m/fpv4-sp/hard/crtbegin.o

.data           0x0000000020000000      0x854 load address 0x0000000000003d4c
                0x0000000020000000                __data_start__ = .
 *(vtable)
 *(.data*)
 .data.SystemCoreClock
                0x0000000020000000        0x4 _build/system_nrf52.o
                0x0000000020000000                SystemCoreClock
 .data._impure_ptr
                0x0000000020000004        0x4 /usr/bin/../lib/gcc/arm-none-eabi/7.3.1/../../../../arm-none-eabi/lib/thumb/v7e-m/fpv4-sp/hard/libc.a(lib_a-impure.o)
                0x0000000020000004                _impure_ptr
 .data.impure_data
                0x0000000020000008      0x428 /usr/bin/../lib/gcc/arm-none-eabi/7.3.1/../../../../arm-none-eabi/lib/thumb/v7e-m/fpv4-sp/hard/libc.a(lib_a-impure.o)
 .data.__atexit_recursive_mutex
                0x0000000020000430        0x4 /usr/bin/../lib/gcc/arm-none-eabi/7.3.1/../../../../arm-none-eabi/lib/thumb/v7e-m/fpv4-sp/hard/libc.a(lib_a-__call_atexit.o)
                0x0000000020000430                __atexit_recursive_mutex
 .data.__malloc_av_
                0x0000000020000434      0x408 /usr/bin/../lib/gcc/arm-none-eabi/7.3.1/../../../../arm-none-eabi/lib/thumb/v7e-m/fpv4-sp/hard/libc.a(lib_a-mallocr.o)
                0x0000000020000434                __malloc_av_
 .data.__malloc_sbrk_base
                0x000000002000083c        0x4 /usr/bin/../lib/gcc/arm-none-eabi/7.3.1/../../../../arm-none-eabi/lib/thumb/v7e-m/fpv4-sp/hard/libc.a(lib_a-mallocr.o)
                0x000000002000083c                __malloc_sbrk_base
 .data.__malloc_trim_threshold
                0x0000000020000840        0x4 /usr/bin/../lib/gcc/arm-none-eabi/7.3.1/../../../../arm-none-eabi/lib/thumb/v7e-m/fpv4-sp/hard/libc.a(lib_a-mallocr.o)
                0x0000000020000840                __malloc_trim_threshold
                0x0000000020000844                . = ALIGN (0x4)
                0x0000000020000844                PROVIDE (__preinit_array_start = .)
 *(.preinit_array)
                0x0000000020000844                PROVIDE (__preinit_array_end = .)
                0x0000000020000844                . = ALIGN (0x4)
                0x0000000020000844                PROVIDE (__init_array_start = .)
 *(SORT_BY_NAME(.init_array.*))
 .init_array.00000
                0x0000000020000844        0x4 /usr/bin/../lib/gcc/arm-none-eabi/7.3.1/../../../../arm-none-eabi/lib/thumb/v7e-m/fpv4-sp/hard/libc.a(lib_a-__call_atexit.o)
 *(.init_array)
 .init_array    0x0000000020000848        0x4 /usr/bin/../lib/gcc/arm-none-eabi/7.3.1/thumb/v7e-m/fpv4-sp/hard/crtbegin.o
 .init_array    0x000000002000084c        0x4 _build/before_startup.o
                0x0000000020000850                PROVIDE (__init_array_end = .)
                0x0000000020000850                . = ALIGN (0x4)
                0x0000000020000850                PROVIDE (__fini_array_start = .)
 *(SORT_BY_NAME(.fini_array.*))
 *(.fini_array)
 .fini_array    0x0000000020000850        0x4 /usr/bin/../lib/gcc/arm-none-eabi/7.3.1/thumb/v7e-m/fpv4-sp/hard/crtbegin.o
                0x0000000020000854                PROVIDE (__fini_array_end = .)
 *(.jcr*)
                0x0000000020000854                . = ALIGN (0x4)
                0x0000000020000854                __data_end__ = .
LOAD /usr/bin/../lib/gcc/arm-none-eabi/7.3.1/thumb/v7e-m/fpv4-sp/hard/crti.o
LOAD /usr/bin/../lib/gcc/arm-none-eabi/7.3.1/thumb/v7e-m/fpv4-sp/hard/crtbegin.o
LOAD /usr/bin/../lib/gcc/arm-none-eabi/7.3.1/../../../../arm-none-eabi/lib/thumb/v7e-m/fpv4-sp/hard/crt0.o
START GROUP
LOAD _build/main.o
LOAD _build/app_error_handler_gcc.o
LOAD _build/app_scheduler.o
LOAD _build/app_timer.o
LOAD _build/app_uart.o
LOAD _build/app_util_platform.o
LOAD _build/before_startup.o
LOAD _build/hardfault_handler_gcc.o
LOAD _build/hardfault_implementation.o
LOAD _build/nrf_assert.o
LOAD _build/nrf_atomic.o
LOAD _build/nrf_balloc.o
LOAD _build/nrf_drv_spi.o
LOAD _build/nrf_drv_twi.o
LOAD _build/nrf_drv_uart.o
LOAD _build/nrf_fprintf.o
LOAD _build/nrf_fprintf_format.o
LOAD _build/nrf_log_backend_rtt.o
LOAD _build/nrf_log_backend_serial.o
LOAD _build/nrf_log_backend_uart.o
LOAD _build/nrf_log_default_backends.o
LOAD _build/nrf_log_frontend.o
LOAD _build/nrf_log_str_formatter.o
LOAD _build/nrf_pwr_mgmt.o
LOAD _build/nrf_memobj.o
LOAD _build/nrf_section_iter.o
LOAD _build/nrf_serial.o
LOAD _build/nrf_strerror.o
LOAD _build/nrf_queue.o
LOAD _build/nrfx_prs.o
LOAD _build/nrfx_saadc.o
LOAD _build/nrfx_spi.o
LOAD _build/nrfx_spim.o
LOAD _build/nrfx_timer.o
LOAD _build/nrfx_twi.o
LOAD _build/nrfx_twim.o
LOAD _build/nrfx_uart.o
LOAD _build/nrfx_uarte.o
LOAD _build/SEGGER_RTT.o
LOAD _build/SEGGER_RTT_Syscalls_GCC.o
LOAD _build/SEGGER_RTT_printf.o
LOAD _build/simple_logger.o
LOAD _build/ff.o
LOAD _build/mmc_nrf.o
LOAD _build/system_nrf52.o
LOAD _build/app_error.o
LOAD _build/app_error_weak.o
LOAD _build/gcc_startup_nrf52.os
LOAD /usr/bin/../lib/gcc/arm-none-eabi/7.3.1/../../../../arm-none-eabi/lib/thumb/v7e-m/fpv4-sp/hard/libc.a
LOAD /usr/bin/../lib/gcc/arm-none-eabi/7.3.1/../../../../arm-none-eabi/lib/thumb/v7e-m/fpv4-sp/hard/libnosys.a
LOAD /usr/bin/../lib/gcc/arm-none-eabi/7.3.1/../../../../arm-none-eabi/lib/thumb/v7e-m/fpv4-sp/hard/libm.a
LOAD /usr/bin/../lib/gcc/arm-none-eabi/7.3.1/../../../../arm-none-eabi/lib/thumb/v7e-m/fpv4-sp/hard/libstdc++.a
END GROUP
START GROUP
LOAD /usr/bin/../lib/gcc/arm-none-eabi/7.3.1/thumb/v7e-m/fpv4-sp/hard/libgcc.a
LOAD /usr/bin/../lib/gcc/arm-none-eabi/7.3.1/../../../../arm-none-eabi/lib/thumb/v7e-m/fpv4-sp/hard/libc.a
END GROUP
LOAD /usr/bin/../lib/gcc/arm-none-eabi/7.3.1/thumb/v7e-m/fpv4-sp/hard/crtend.o
LOAD /usr/bin/../lib/gcc/arm-none-eabi/7.3.1/thumb/v7e-m/fpv4-sp/hard/crtn.o
START GROUP
LOAD /usr/bin/../lib/gcc/arm-none-eabi/7.3.1/thumb/v7e-m/fpv4-sp/hard/libgcc.a
LOAD /usr/bin/../lib/gcc/arm-none-eabi/7.3.1/../../../../arm-none-eabi/lib/thumb/v7e-m/fpv4-sp/hard/libc.a
LOAD /usr/bin/../lib/gcc/arm-none-eabi/7.3.1/../../../../arm-none-eabi/lib/thumb/v7e-m/fpv4-sp/hard/libnosys.a
END GROUP

.igot.plt       0x0000000020000854        0x0 load address 0x00000000000045a0
 .igot.plt      0x0000000020000854        0x0 /usr/bin/../lib/gcc/arm-none-eabi/7.3.1/thumb/v7e-m/fpv4-sp/hard/crtbegin.o
                0x0000000020000854                . = ALIGN (0x4)

.mem_section_dummy_ram

.log_dynamic_data
                0x0000000020000854       0x28 load address 0x00000000000045a0
                0x0000000020000854                PROVIDE (__start_log_dynamic_data = .)
 *(SORT_BY_NAME(.log_dynamic_data*))
 .log_dynamic_data_PRS
                0x0000000020000854        0x4 _build/nrfx_prs.o
                0x0000000020000854                m_nrf_log_PRS_logs_data_dynamic
 .log_dynamic_data_SAADC
                0x0000000020000858        0x4 _build/nrfx_saadc.o
                0x0000000020000858                m_nrf_log_SAADC_logs_data_dynamic
 .log_dynamic_data_SPIM
                0x000000002000085c        0x4 _build/nrfx_spim.o
                0x000000002000085c                m_nrf_log_SPIM_logs_data_dynamic
 .log_dynamic_data_TWIM
                0x0000000020000860        0x4 _build/nrfx_twim.o
                0x0000000020000860                m_nrf_log_TWIM_logs_data_dynamic
 .log_dynamic_data_UART
                0x0000000020000864        0x4 _build/nrfx_uart.o
                0x0000000020000864                m_nrf_log_UART_logs_data_dynamic
 .log_dynamic_data_UARTE
                0x0000000020000868        0x4 _build/nrfx_uarte.o
                0x0000000020000868                m_nrf_log_UARTE_logs_data_dynamic
 .log_dynamic_data_app
                0x000000002000086c        0x4 _build/nrf_log_frontend.o
                0x000000002000086c                m_nrf_log_app_logs_data_dynamic
 .log_dynamic_data_balloc_log_mempool
                0x0000000020000870        0x4 _build/nrf_log_frontend.o
                0x0000000020000870                m_nrf_log_balloc_log_mempool_logs_data_dynamic
 .log_dynamic_data_hardfault
                0x0000000020000874        0x4 _build/hardfault_implementation.o
                0x0000000020000874                m_nrf_log_hardfault_logs_data_dynamic
 .log_dynamic_data_pwr_mgmt
                0x0000000020000878        0x4 _build/nrf_pwr_mgmt.o
                0x0000000020000878                m_nrf_log_pwr_mgmt_logs_data_dynamic
                [!provide]                        PROVIDE (__stop_log_dynamic_data = .)

.fs_data        0x000000002000087c        0x0
                [!provide]                        PROVIDE (__start_fs_data = .)
 *(.fs_data)
                [!provide]                        PROVIDE (__stop_fs_data = .)

.cli_sorted_cmd_ptrs
                0x000000002000087c        0x0
                [!provide]                        PROVIDE (__start_cli_sorted_cmd_ptrs = .)
 *(.cli_sorted_cmd_ptrs)
                [!provide]                        PROVIDE (__stop_cli_sorted_cmd_ptrs = .)

.bss            0x000000002000087c      0x9d0 load address 0x00000000000045c8
                0x000000002000087c                . = ALIGN (0x4)
                0x000000002000087c                __bss_start__ = .
 *(.bss*)
 .bss           0x000000002000087c       0x1c /usr/bin/../lib/gcc/arm-none-eabi/7.3.1/thumb/v7e-m/fpv4-sp/hard/crtbegin.o
 .bss.m_op_queue
                0x0000000020000898      0x10c _build/app_timer.o
 .bss.m_rtc1_reset
                0x00000000200009a4        0x1 _build/app_timer.o
 .bss.m_rtc1_running
                0x00000000200009a5        0x1 _build/app_timer.o
 *fill*         0x00000000200009a6        0x2 
 .bss.m_ticks_elapsed
                0x00000000200009a8        0x8 _build/app_timer.o
 .bss.m_ticks_elapsed_q_read_ind
                0x00000000200009b0        0x1 _build/app_timer.o
 .bss.m_ticks_elapsed_q_write_ind
                0x00000000200009b1        0x1 _build/app_timer.o
 *fill*         0x00000000200009b2        0x2 
 .bss.m_ticks_latest
                0x00000000200009b4        0x4 _build/app_timer.o
 .bss.mp_timer_id_head
                0x00000000200009b8        0x4 _build/app_timer.o
 .bss.m_in_critical_region
                0x00000000200009bc        0x4 _build/app_util_platform.o
 .bss.log_mempool_nrf_balloc_cb
                0x00000000200009c0        0x8 _build/nrf_log_frontend.o
 .bss.log_mempool_nrf_balloc_pool_mem
                0x00000000200009c8       0xc0 _build/nrf_log_frontend.o
 .bss.log_mempool_nrf_balloc_pool_stack
                0x0000000020000a88        0x8 _build/nrf_log_frontend.o
 .bss.m_log_data
                0x0000000020000a90      0x424 _build/nrf_log_frontend.o
 .bss.m_prs_box_4
                0x0000000020000eb4        0x8 _build/nrfx_prs.o
 .bss.m_cb      0x0000000020000ebc       0x30 _build/nrfx_saadc.o
 .bss.m_cb      0x0000000020000eec       0x24 _build/nrfx_spim.o
 .bss.m_cb      0x0000000020000f10       0x34 _build/nrfx_twim.o
 .bss._acDownBuffer
                0x0000000020000f44       0x10 _build/SEGGER_RTT.o
 .bss._acUpBuffer
                0x0000000020000f54      0x200 _build/SEGGER_RTT.o
 .bss.m_error_data.8521
                0x0000000020001154       0x20 _build/app_error.o
 .bss.__malloc_current_mallinfo
                0x0000000020001174       0x28 /usr/bin/../lib/gcc/arm-none-eabi/7.3.1/../../../../arm-none-eabi/lib/thumb/v7e-m/fpv4-sp/hard/libc.a(lib_a-mallocr.o)
                0x0000000020001174                __malloc_current_mallinfo
 .bss.__malloc_max_sbrked_mem
                0x000000002000119c        0x4 /usr/bin/../lib/gcc/arm-none-eabi/7.3.1/../../../../arm-none-eabi/lib/thumb/v7e-m/fpv4-sp/hard/libc.a(lib_a-mallocr.o)
                0x000000002000119c                __malloc_max_sbrked_mem
 .bss.__malloc_max_total_mem
                0x00000000200011a0        0x4 /usr/bin/../lib/gcc/arm-none-eabi/7.3.1/../../../../arm-none-eabi/lib/thumb/v7e-m/fpv4-sp/hard/libc.a(lib_a-mallocr.o)
                0x00000000200011a0                __malloc_max_total_mem
 .bss.__malloc_top_pad
                0x00000000200011a4        0x4 /usr/bin/../lib/gcc/arm-none-eabi/7.3.1/../../../../arm-none-eabi/lib/thumb/v7e-m/fpv4-sp/hard/libc.a(lib_a-mallocr.o)
                0x00000000200011a4                __malloc_top_pad
 .bss.heap_end.5377
                0x00000000200011a8        0x4 /usr/bin/../lib/gcc/arm-none-eabi/7.3.1/../../../../arm-none-eabi/lib/thumb/v7e-m/fpv4-sp/hard/libnosys.a(sbrk.o)
 *(COMMON)
 COMMON         0x00000000200011ac       0x78 _build/SEGGER_RTT.o
                0x00000000200011ac                _SEGGER_RTT
 COMMON         0x0000000020001224       0x21 /usr/bin/../lib/gcc/arm-none-eabi/7.3.1/../../../../arm-none-eabi/lib/thumb/v7e-m/fpv4-sp/hard/libc.a(lib_a-lock.o)
                0x0000000020001224                __lock___atexit_recursive_mutex
                0x0000000020001228                __lock___arc4random_mutex
                0x000000002000122c                __lock___env_recursive_mutex
                0x0000000020001230                __lock___sinit_recursive_mutex
                0x0000000020001234                __lock___malloc_recursive_mutex
                0x0000000020001238                __lock___at_quick_exit_mutex
                0x000000002000123c                __lock___dd_hash_mutex
                0x0000000020001240                __lock___tz_mutex
                0x0000000020001244                __lock___sfp_recursive_mutex
 *fill*         0x0000000020001245        0x3 
 COMMON         0x0000000020001248        0x4 /usr/bin/../lib/gcc/arm-none-eabi/7.3.1/../../../../arm-none-eabi/lib/thumb/v7e-m/fpv4-sp/hard/libc.a(lib_a-reent.o)
                0x0000000020001248                errno
                0x000000002000124c                . = ALIGN (0x4)
                0x000000002000124c                __bss_end__ = .

.heap           0x0000000020001250     0x2000
                0x0000000020001250                __HeapBase = .
                0x0000000020001250                __end__ = .
                0x0000000020001250                PROVIDE (end = .)
 *(.heap*)
 .heap          0x0000000020001250     0x2000 _build/gcc_startup_nrf52.os
                0x0000000020003250                __HeapLimit = .

.stack_dummy    0x0000000020001250     0x2000
 *(.stack*)
 .stack         0x0000000020001250     0x2000 _build/gcc_startup_nrf52.os
                0x0000000020010000                __StackTop = (ORIGIN (RAM) + LENGTH (RAM))
                0x000000002000e000                __StackLimit = (__StackTop - SIZEOF (.stack_dummy))
                0x0000000020010000                PROVIDE (__stack = __StackTop)
                0x0000000000000001                ASSERT ((__StackLimit >= __HeapLimit), region RAM overflowed with stack)
                0x000000000000087c                DataInitFlashUsed = (__bss_start__ - __data_start__)
                0x0000000000003d4c                CodeFlashUsed = (__etext - ORIGIN (FLASH))
                0x00000000000045c8                TotalFlashUsed = (CodeFlashUsed + DataInitFlashUsed)
                0x0000000000000001                ASSERT ((TotalFlashUsed <= LENGTH (FLASH)), region FLASH overflowed with .data and user data)
OUTPUT(_build/ac-dimmer_sdk15_blank.elf elf32-littlearm)

.ARM.attributes
                0x0000000000000000       0x30
 .ARM.attributes
                0x0000000000000000       0x22 /usr/bin/../lib/gcc/arm-none-eabi/7.3.1/thumb/v7e-m/fpv4-sp/hard/crti.o
 .ARM.attributes
                0x0000000000000022       0x34 /usr/bin/../lib/gcc/arm-none-eabi/7.3.1/thumb/v7e-m/fpv4-sp/hard/crtbegin.o
 .ARM.attributes
                0x0000000000000056       0x20 /usr/bin/../lib/gcc/arm-none-eabi/7.3.1/../../../../arm-none-eabi/lib/thumb/v7e-m/fpv4-sp/hard/crt0.o
 .ARM.attributes
                0x0000000000000076       0x39 _build/main.o
 .ARM.attributes
                0x00000000000000af       0x39 _build/app_timer.o
 .ARM.attributes
                0x00000000000000e8       0x39 _build/app_util_platform.o
 .ARM.attributes
                0x0000000000000121       0x39 _build/before_startup.o
 .ARM.attributes
                0x000000000000015a       0x39 _build/hardfault_handler_gcc.o
 .ARM.attributes
                0x0000000000000193       0x39 _build/hardfault_implementation.o
 .ARM.attributes
                0x00000000000001cc       0x39 _build/nrf_assert.o
 .ARM.attributes
                0x0000000000000205       0x39 _build/nrf_atomic.o
 .ARM.attributes
                0x000000000000023e       0x39 _build/nrf_balloc.o
 .ARM.attributes
                0x0000000000000277       0x39 _build/nrf_log_frontend.o
 .ARM.attributes
                0x00000000000002b0       0x39 _build/nrf_pwr_mgmt.o
 .ARM.attributes
                0x00000000000002e9       0x39 _build/nrf_memobj.o
 .ARM.attributes
                0x0000000000000322       0x39 _build/nrf_strerror.o
 .ARM.attributes
                0x000000000000035b       0x39 _build/nrfx_prs.o
 .ARM.attributes
                0x0000000000000394       0x39 _build/nrfx_saadc.o
 .ARM.attributes
                0x00000000000003cd       0x39 _build/nrfx_spim.o
 .ARM.attributes
                0x0000000000000406       0x39 _build/nrfx_twim.o
 .ARM.attributes
                0x000000000000043f       0x39 _build/nrfx_uart.o
 .ARM.attributes
                0x0000000000000478       0x39 _build/nrfx_uarte.o
 .ARM.attributes
                0x00000000000004b1       0x39 _build/SEGGER_RTT.o
 .ARM.attributes
                0x00000000000004ea       0x39 _build/SEGGER_RTT_Syscalls_GCC.o
 .ARM.attributes
                0x0000000000000523       0x39 _build/system_nrf52.o
 .ARM.attributes
                0x000000000000055c       0x39 _build/app_error.o
 .ARM.attributes
                0x0000000000000595       0x39 _build/app_error_weak.o
 .ARM.attributes
                0x00000000000005ce       0x1c _build/gcc_startup_nrf52.os
 .ARM.attributes
                0x00000000000005ea       0x34 /usr/bin/../lib/gcc/arm-none-eabi/7.3.1/../../../../arm-none-eabi/lib/thumb/v7e-m/fpv4-sp/hard/libc.a(lib_a-exit.o)
 .ARM.attributes
                0x000000000000061e       0x34 /usr/bin/../lib/gcc/arm-none-eabi/7.3.1/../../../../arm-none-eabi/lib/thumb/v7e-m/fpv4-sp/hard/libc.a(lib_a-impure.o)
 .ARM.attributes
                0x0000000000000652       0x34 /usr/bin/../lib/gcc/arm-none-eabi/7.3.1/../../../../arm-none-eabi/lib/thumb/v7e-m/fpv4-sp/hard/libc.a(lib_a-init.o)
 .ARM.attributes
                0x0000000000000686       0x20 /usr/bin/../lib/gcc/arm-none-eabi/7.3.1/../../../../arm-none-eabi/lib/thumb/v7e-m/fpv4-sp/hard/libc.a(lib_a-memcpy.o)
 .ARM.attributes
                0x00000000000006a6       0x34 /usr/bin/../lib/gcc/arm-none-eabi/7.3.1/../../../../arm-none-eabi/lib/thumb/v7e-m/fpv4-sp/hard/libc.a(lib_a-memset.o)
 .ARM.attributes
                0x00000000000006da       0x34 /usr/bin/../lib/gcc/arm-none-eabi/7.3.1/../../../../arm-none-eabi/lib/thumb/v7e-m/fpv4-sp/hard/libc.a(lib_a-setbuf.o)
 .ARM.attributes
                0x000000000000070e       0x34 /usr/bin/../lib/gcc/arm-none-eabi/7.3.1/../../../../arm-none-eabi/lib/thumb/v7e-m/fpv4-sp/hard/libc.a(lib_a-setvbuf.o)
 .ARM.attributes
                0x0000000000000742       0x34 /usr/bin/../lib/gcc/arm-none-eabi/7.3.1/../../../../arm-none-eabi/lib/thumb/v7e-m/fpv4-sp/hard/libc.a(lib_a-strcpy.o)
 .ARM.attributes
                0x0000000000000776       0x34 /usr/bin/../lib/gcc/arm-none-eabi/7.3.1/../../../../arm-none-eabi/lib/thumb/v7e-m/fpv4-sp/hard/libc.a(lib_a-__call_atexit.o)
 .ARM.attributes
                0x00000000000007aa       0x34 /usr/bin/../lib/gcc/arm-none-eabi/7.3.1/../../../../arm-none-eabi/lib/thumb/v7e-m/fpv4-sp/hard/libc.a(lib_a-atexit.o)
 .ARM.attributes
                0x00000000000007de       0x34 /usr/bin/../lib/gcc/arm-none-eabi/7.3.1/../../../../arm-none-eabi/lib/thumb/v7e-m/fpv4-sp/hard/libc.a(lib_a-fflush.o)
 .ARM.attributes
                0x0000000000000812       0x34 /usr/bin/../lib/gcc/arm-none-eabi/7.3.1/../../../../arm-none-eabi/lib/thumb/v7e-m/fpv4-sp/hard/libc.a(lib_a-findfp.o)
 .ARM.attributes
                0x0000000000000846       0x34 /usr/bin/../lib/gcc/arm-none-eabi/7.3.1/../../../../arm-none-eabi/lib/thumb/v7e-m/fpv4-sp/hard/libc.a(lib_a-fini.o)
 .ARM.attributes
                0x000000000000087a       0x34 /usr/bin/../lib/gcc/arm-none-eabi/7.3.1/../../../../arm-none-eabi/lib/thumb/v7e-m/fpv4-sp/hard/libc.a(lib_a-freer.o)
 .ARM.attributes
                0x00000000000008ae       0x34 /usr/bin/../lib/gcc/arm-none-eabi/7.3.1/../../../../arm-none-eabi/lib/thumb/v7e-m/fpv4-sp/hard/libc.a(lib_a-fwalk.o)
 .ARM.attributes
                0x00000000000008e2       0x34 /usr/bin/../lib/gcc/arm-none-eabi/7.3.1/../../../../arm-none-eabi/lib/thumb/v7e-m/fpv4-sp/hard/libc.a(lib_a-lock.o)
 .ARM.attributes
                0x0000000000000916       0x34 /usr/bin/../lib/gcc/arm-none-eabi/7.3.1/../../../../arm-none-eabi/lib/thumb/v7e-m/fpv4-sp/hard/libc.a(lib_a-makebuf.o)
 .ARM.attributes
                0x000000000000094a       0x34 /usr/bin/../lib/gcc/arm-none-eabi/7.3.1/../../../../arm-none-eabi/lib/thumb/v7e-m/fpv4-sp/hard/libc.a(lib_a-malloc.o)
 .ARM.attributes
                0x000000000000097e       0x34 /usr/bin/../lib/gcc/arm-none-eabi/7.3.1/../../../../arm-none-eabi/lib/thumb/v7e-m/fpv4-sp/hard/libc.a(lib_a-mallocr.o)
 .ARM.attributes
                0x00000000000009b2       0x34 /usr/bin/../lib/gcc/arm-none-eabi/7.3.1/../../../../arm-none-eabi/lib/thumb/v7e-m/fpv4-sp/hard/libc.a(lib_a-mlock.o)
 .ARM.attributes
                0x00000000000009e6       0x34 /usr/bin/../lib/gcc/arm-none-eabi/7.3.1/../../../../arm-none-eabi/lib/thumb/v7e-m/fpv4-sp/hard/libc.a(lib_a-sbrkr.o)
 .ARM.attributes
                0x0000000000000a1a       0x34 /usr/bin/../lib/gcc/arm-none-eabi/7.3.1/../../../../arm-none-eabi/lib/thumb/v7e-m/fpv4-sp/hard/libc.a(lib_a-stdio.o)
 .ARM.attributes
                0x0000000000000a4e       0x34 /usr/bin/../lib/gcc/arm-none-eabi/7.3.1/../../../../arm-none-eabi/lib/thumb/v7e-m/fpv4-sp/hard/libc.a(lib_a-__atexit.o)
 .ARM.attributes
                0x0000000000000a82       0x34 /usr/bin/../lib/gcc/arm-none-eabi/7.3.1/../../../../arm-none-eabi/lib/thumb/v7e-m/fpv4-sp/hard/libc.a(lib_a-closer.o)
 .ARM.attributes
                0x0000000000000ab6       0x34 /usr/bin/../lib/gcc/arm-none-eabi/7.3.1/../../../../arm-none-eabi/lib/thumb/v7e-m/fpv4-sp/hard/libc.a(lib_a-fclose.o)
 .ARM.attributes
                0x0000000000000aea       0x34 /usr/bin/../lib/gcc/arm-none-eabi/7.3.1/../../../../arm-none-eabi/lib/thumb/v7e-m/fpv4-sp/hard/libc.a(lib_a-fstatr.o)
 .ARM.attributes
                0x0000000000000b1e       0x34 /usr/bin/../lib/gcc/arm-none-eabi/7.3.1/../../../../arm-none-eabi/lib/thumb/v7e-m/fpv4-sp/hard/libc.a(lib_a-lseekr.o)
 .ARM.attributes
                0x0000000000000b52       0x34 /usr/bin/../lib/gcc/arm-none-eabi/7.3.1/../../../../arm-none-eabi/lib/thumb/v7e-m/fpv4-sp/hard/libc.a(lib_a-readr.o)
 .ARM.attributes
                0x0000000000000b86       0x34 /usr/bin/../lib/gcc/arm-none-eabi/7.3.1/../../../../arm-none-eabi/lib/thumb/v7e-m/fpv4-sp/hard/libc.a(lib_a-reent.o)
 .ARM.attributes
                0x0000000000000bba       0x34 /usr/bin/../lib/gcc/arm-none-eabi/7.3.1/../../../../arm-none-eabi/lib/thumb/v7e-m/fpv4-sp/hard/libnosys.a(close.o)
 .ARM.attributes
                0x0000000000000bee       0x34 /usr/bin/../lib/gcc/arm-none-eabi/7.3.1/../../../../arm-none-eabi/lib/thumb/v7e-m/fpv4-sp/hard/libnosys.a(fstat.o)
 .ARM.attributes
                0x0000000000000c22       0x34 /usr/bin/../lib/gcc/arm-none-eabi/7.3.1/../../../../arm-none-eabi/lib/thumb/v7e-m/fpv4-sp/hard/libnosys.a(lseek.o)
 .ARM.attributes
                0x0000000000000c56       0x34 /usr/bin/../lib/gcc/arm-none-eabi/7.3.1/../../../../arm-none-eabi/lib/thumb/v7e-m/fpv4-sp/hard/libnosys.a(read.o)
 .ARM.attributes
                0x0000000000000c8a       0x34 /usr/bin/../lib/gcc/arm-none-eabi/7.3.1/../../../../arm-none-eabi/lib/thumb/v7e-m/fpv4-sp/hard/libnosys.a(sbrk.o)
 .ARM.attributes
                0x0000000000000cbe       0x34 /usr/bin/../lib/gcc/arm-none-eabi/7.3.1/../../../../arm-none-eabi/lib/thumb/v7e-m/fpv4-sp/hard/libnosys.a(_exit.o)
 .ARM.attributes
                0x0000000000000cf2       0x34 /usr/bin/../lib/gcc/arm-none-eabi/7.3.1/thumb/v7e-m/fpv4-sp/hard/crtend.o
 .ARM.attributes
                0x0000000000000d26       0x22 /usr/bin/../lib/gcc/arm-none-eabi/7.3.1/thumb/v7e-m/fpv4-sp/hard/crtn.o

.comment        0x0000000000000000       0x7f
 .comment       0x0000000000000000       0x7f _build/main.o
                                         0x80 (size before relaxing)
 .comment       0x000000000000007f       0x80 _build/app_timer.o
 .comment       0x000000000000007f       0x80 _build/app_util_platform.o
 .comment       0x000000000000007f       0x80 _build/before_startup.o
 .comment       0x000000000000007f       0x80 _build/hardfault_handler_gcc.o
 .comment       0x000000000000007f       0x80 _build/hardfault_implementation.o
 .comment       0x000000000000007f       0x80 _build/nrf_assert.o
 .comment       0x000000000000007f       0x80 _build/nrf_atomic.o
 .comment       0x000000000000007f       0x80 _build/nrf_balloc.o
 .comment       0x000000000000007f       0x80 _build/nrf_log_frontend.o
 .comment       0x000000000000007f       0x80 _build/nrf_pwr_mgmt.o
 .comment       0x000000000000007f       0x80 _build/nrf_memobj.o
 .comment       0x000000000000007f       0x80 _build/nrf_strerror.o
 .comment       0x000000000000007f       0x80 _build/nrfx_prs.o
 .comment       0x000000000000007f       0x80 _build/nrfx_saadc.o
 .comment       0x000000000000007f       0x80 _build/nrfx_spim.o
 .comment       0x000000000000007f       0x80 _build/nrfx_twim.o
 .comment       0x000000000000007f       0x80 _build/nrfx_uart.o
 .comment       0x000000000000007f       0x80 _build/nrfx_uarte.o
 .comment       0x000000000000007f       0x80 _build/SEGGER_RTT.o
 .comment       0x000000000000007f       0x80 _build/SEGGER_RTT_Syscalls_GCC.o
 .comment       0x000000000000007f       0x80 _build/system_nrf52.o
 .comment       0x000000000000007f       0x80 _build/app_error.o
 .comment       0x000000000000007f       0x80 _build/app_error_weak.o

.debug_frame    0x0000000000000000      0x8fc
 .debug_frame   0x0000000000000000       0x28 /usr/bin/../lib/gcc/arm-none-eabi/7.3.1/../../../../arm-none-eabi/lib/thumb/v7e-m/fpv4-sp/hard/libc.a(lib_a-exit.o)
 .debug_frame   0x0000000000000028       0x2c /usr/bin/../lib/gcc/arm-none-eabi/7.3.1/../../../../arm-none-eabi/lib/thumb/v7e-m/fpv4-sp/hard/libc.a(lib_a-init.o)
 .debug_frame   0x0000000000000054       0x38 /usr/bin/../lib/gcc/arm-none-eabi/7.3.1/../../../../arm-none-eabi/lib/thumb/v7e-m/fpv4-sp/hard/libc.a(lib_a-memset.o)
 .debug_frame   0x000000000000008c       0x20 /usr/bin/../lib/gcc/arm-none-eabi/7.3.1/../../../../arm-none-eabi/lib/thumb/v7e-m/fpv4-sp/hard/libc.a(lib_a-setbuf.o)
 .debug_frame   0x00000000000000ac       0x44 /usr/bin/../lib/gcc/arm-none-eabi/7.3.1/../../../../arm-none-eabi/lib/thumb/v7e-m/fpv4-sp/hard/libc.a(lib_a-setvbuf.o)
 .debug_frame   0x00000000000000f0       0x20 /usr/bin/../lib/gcc/arm-none-eabi/7.3.1/../../../../arm-none-eabi/lib/thumb/v7e-m/fpv4-sp/hard/libc.a(lib_a-strcpy.o)
 .debug_frame   0x0000000000000110       0x5c /usr/bin/../lib/gcc/arm-none-eabi/7.3.1/../../../../arm-none-eabi/lib/thumb/v7e-m/fpv4-sp/hard/libc.a(lib_a-__call_atexit.o)
 .debug_frame   0x000000000000016c       0x20 /usr/bin/../lib/gcc/arm-none-eabi/7.3.1/../../../../arm-none-eabi/lib/thumb/v7e-m/fpv4-sp/hard/libc.a(lib_a-atexit.o)
 .debug_frame   0x000000000000018c       0x5c /usr/bin/../lib/gcc/arm-none-eabi/7.3.1/../../../../arm-none-eabi/lib/thumb/v7e-m/fpv4-sp/hard/libc.a(lib_a-fflush.o)
 .debug_frame   0x00000000000001e8      0x148 /usr/bin/../lib/gcc/arm-none-eabi/7.3.1/../../../../arm-none-eabi/lib/thumb/v7e-m/fpv4-sp/hard/libc.a(lib_a-findfp.o)
 .debug_frame   0x0000000000000330       0x34 /usr/bin/../lib/gcc/arm-none-eabi/7.3.1/../../../../arm-none-eabi/lib/thumb/v7e-m/fpv4-sp/hard/libc.a(lib_a-fini.o)
 .debug_frame   0x0000000000000364       0x80 /usr/bin/../lib/gcc/arm-none-eabi/7.3.1/../../../../arm-none-eabi/lib/thumb/v7e-m/fpv4-sp/hard/libc.a(lib_a-freer.o)
 .debug_frame   0x00000000000003e4       0x54 /usr/bin/../lib/gcc/arm-none-eabi/7.3.1/../../../../arm-none-eabi/lib/thumb/v7e-m/fpv4-sp/hard/libc.a(lib_a-fwalk.o)
 .debug_frame   0x0000000000000438       0xb0 /usr/bin/../lib/gcc/arm-none-eabi/7.3.1/../../../../arm-none-eabi/lib/thumb/v7e-m/fpv4-sp/hard/libc.a(lib_a-lock.o)
 .debug_frame   0x00000000000004e8       0x64 /usr/bin/../lib/gcc/arm-none-eabi/7.3.1/../../../../arm-none-eabi/lib/thumb/v7e-m/fpv4-sp/hard/libc.a(lib_a-makebuf.o)
 .debug_frame   0x000000000000054c       0x30 /usr/bin/../lib/gcc/arm-none-eabi/7.3.1/../../../../arm-none-eabi/lib/thumb/v7e-m/fpv4-sp/hard/libc.a(lib_a-malloc.o)
 .debug_frame   0x000000000000057c       0x54 /usr/bin/../lib/gcc/arm-none-eabi/7.3.1/../../../../arm-none-eabi/lib/thumb/v7e-m/fpv4-sp/hard/libc.a(lib_a-mallocr.o)
 .debug_frame   0x00000000000005d0       0x30 /usr/bin/../lib/gcc/arm-none-eabi/7.3.1/../../../../arm-none-eabi/lib/thumb/v7e-m/fpv4-sp/hard/libc.a(lib_a-mlock.o)
 .debug_frame   0x0000000000000600       0x2c /usr/bin/../lib/gcc/arm-none-eabi/7.3.1/../../../../arm-none-eabi/lib/thumb/v7e-m/fpv4-sp/hard/libc.a(lib_a-sbrkr.o)
 .debug_frame   0x000000000000062c       0x88 /usr/bin/../lib/gcc/arm-none-eabi/7.3.1/../../../../arm-none-eabi/lib/thumb/v7e-m/fpv4-sp/hard/libc.a(lib_a-stdio.o)
 .debug_frame   0x00000000000006b4       0x34 /usr/bin/../lib/gcc/arm-none-eabi/7.3.1/../../../../arm-none-eabi/lib/thumb/v7e-m/fpv4-sp/hard/libc.a(lib_a-__atexit.o)
 .debug_frame   0x00000000000006e8       0x2c /usr/bin/../lib/gcc/arm-none-eabi/7.3.1/../../../../arm-none-eabi/lib/thumb/v7e-m/fpv4-sp/hard/libc.a(lib_a-closer.o)
 .debug_frame   0x0000000000000714       0x3c /usr/bin/../lib/gcc/arm-none-eabi/7.3.1/../../../../arm-none-eabi/lib/thumb/v7e-m/fpv4-sp/hard/libc.a(lib_a-fclose.o)
 .debug_frame   0x0000000000000750       0x2c /usr/bin/../lib/gcc/arm-none-eabi/7.3.1/../../../../arm-none-eabi/lib/thumb/v7e-m/fpv4-sp/hard/libc.a(lib_a-fstatr.o)
 .debug_frame   0x000000000000077c       0x2c /usr/bin/../lib/gcc/arm-none-eabi/7.3.1/../../../../arm-none-eabi/lib/thumb/v7e-m/fpv4-sp/hard/libc.a(lib_a-lseekr.o)
 .debug_frame   0x00000000000007a8       0x2c /usr/bin/../lib/gcc/arm-none-eabi/7.3.1/../../../../arm-none-eabi/lib/thumb/v7e-m/fpv4-sp/hard/libc.a(lib_a-readr.o)
 .debug_frame   0x00000000000007d4       0x68 /usr/bin/../lib/gcc/arm-none-eabi/7.3.1/../../../../arm-none-eabi/lib/thumb/v7e-m/fpv4-sp/hard/libc.a(lib_a-reent.o)
 .debug_frame   0x000000000000083c       0x20 /usr/bin/../lib/gcc/arm-none-eabi/7.3.1/../../../../arm-none-eabi/lib/thumb/v7e-m/fpv4-sp/hard/libnosys.a(close.o)
 .debug_frame   0x000000000000085c       0x20 /usr/bin/../lib/gcc/arm-none-eabi/7.3.1/../../../../arm-none-eabi/lib/thumb/v7e-m/fpv4-sp/hard/libnosys.a(fstat.o)
 .debug_frame   0x000000000000087c       0x20 /usr/bin/../lib/gcc/arm-none-eabi/7.3.1/../../../../arm-none-eabi/lib/thumb/v7e-m/fpv4-sp/hard/libnosys.a(lseek.o)
 .debug_frame   0x000000000000089c       0x20 /usr/bin/../lib/gcc/arm-none-eabi/7.3.1/../../../../arm-none-eabi/lib/thumb/v7e-m/fpv4-sp/hard/libnosys.a(read.o)
 .debug_frame   0x00000000000008bc       0x20 /usr/bin/../lib/gcc/arm-none-eabi/7.3.1/../../../../arm-none-eabi/lib/thumb/v7e-m/fpv4-sp/hard/libnosys.a(sbrk.o)
 .debug_frame   0x00000000000008dc       0x20 /usr/bin/../lib/gcc/arm-none-eabi/7.3.1/../../../../arm-none-eabi/lib/thumb/v7e-m/fpv4-sp/hard/libnosys.a(_exit.o)

.stab           0x0000000000000000       0x6c
 .stab          0x0000000000000000       0x24 /usr/bin/../lib/gcc/arm-none-eabi/7.3.1/../../../../arm-none-eabi/lib/thumb/v7e-m/fpv4-sp/hard/libnosys.a(close.o)
 .stab          0x0000000000000024       0x18 /usr/bin/../lib/gcc/arm-none-eabi/7.3.1/../../../../arm-none-eabi/lib/thumb/v7e-m/fpv4-sp/hard/libnosys.a(fstat.o)
                                         0x24 (size before relaxing)
 .stab          0x000000000000003c       0x18 /usr/bin/../lib/gcc/arm-none-eabi/7.3.1/../../../../arm-none-eabi/lib/thumb/v7e-m/fpv4-sp/hard/libnosys.a(lseek.o)
                                         0x24 (size before relaxing)
 .stab          0x0000000000000054       0x18 /usr/bin/../lib/gcc/arm-none-eabi/7.3.1/../../../../arm-none-eabi/lib/thumb/v7e-m/fpv4-sp/hard/libnosys.a(read.o)
                                         0x24 (size before relaxing)

.stabstr        0x0000000000000000      0x117
 .stabstr       0x0000000000000000      0x117 /usr/bin/../lib/gcc/arm-none-eabi/7.3.1/../../../../arm-none-eabi/lib/thumb/v7e-m/fpv4-sp/hard/libnosys.a(close.o)
